# AMD OC 0.5.6
# Generic config suitable for initial installation
=# OpenCore 0.5.6 AMD Sanity Check
=#<hr>
=[kernel]:https://khronokernel-2.gitbook.io/opencore-vanilla-desktop-guide/amd-config.plist/amd-config#kernel
=[acpi]:https://khronokernel-2.gitbook.io/opencore-vanilla-desktop-guide/amd-config.plist/amd-config#acpi
=[kexts]:https://khronokernel-2.gitbook.io/opencore-vanilla-desktop-guide/ktext#kexts
=[debug]:https://khronokernel-2.gitbook.io/opencore-vanilla-desktop-guide/troubleshooting/debug
=[scanpolicy]:https://khronokernel-2.gitbook.io/opencore-vanilla-desktop-guide/post-install/security#scan-policy
=[platforminfo]:https://khronokernel-2.gitbook.io/opencore-vanilla-desktop-guide/amd-config.plist/amd-config#platforminfo

ACPI
:Add
 count==0 "-You have no SSDT Patches. Please review the [ACPI Docs][acpi]"
 [Path]==DSDT.aml "-**{$Path}** You should not be including your dumped DSDT. It is in your firmware already."
 [Path]~=".dsl$" "!**{$Path}** Only include .aml files here. dsl files need to be compiled to .aml"
 [Enabled]==no "-**{$Path}** is **disabled**. Either enable it or remove it to get rid of this warning"
 [Path]~=-EC.+aml :"%You might need something like SSDT-EC-USBX-AMD.aml. See the [ACPI Docs][acpi]"
 [Path]==SSDT-EC-USBX-AMD.aml&SSDT-EC.aml "-**{$Path}** don't use both **SSDT-EC-USBX-AMD** and **SSDT-EC**"
 [Path]==* " **{$Path}** Make sure this file is in your OC/ACPI directory"

:Quirks
 count==5
 FadtEnableReset=no
 NormalizeHeaders=no
 RebaseRegions=no
 ResetHwSig=no
 ResetLogoStatus=no

:Patch
 count>15 "!You may have added the kernel patches in the wrong section. They should be in the Kernel section. Please review the [Kernel Docs][kernel]"

Booter

:Quirks
 AvoidRuntimeDefrag=yes
 DevirtualiseMmio=no
 DisableSingleUser=no
 DisableVariableWrite=no
 DiscardHibernateMap=no
 EnableSafeModeSlide=yes
 EnableWriteUnprotector=yes
 ForceExitBootServices=no
 ProtectCsmRegion=no
 ProtectSecureBoot=no
 ProvideCustomSlide=yes
 SetupVirtualMap=yes
 ShrinkMemoryMap=no
 SignalAppleOS=no

DeviceProperties

Kernel

:Add
 count==0 "!You have no Kexts. You definitely need at least Lilu.kext and VirtualSMC.kext. Please review the [Kexts Docs][kexts]"
 [BundlePath]!=Lilu.kext "!**Lilu.kext** is missing. Add it to the top of this list":" **Lilu.kext** make sure this Kext is in your **OC/Kexts** directory and the first kext listed here"
 [BundlePath]==FakeSMC.kext&VirtualSMC.kext "-**{$BundlePath}** don't use both **FakeSMC.kext** and **VirtualSMC.kext**"
 [BundlePath]!=FakeSMC.kext|VirtualSMC.kext "-you should have either **FakeSMC.kext** or **VirtualSMC.kext** here"
 [BundlePath]==VoodooHDA.kext&AppleALC.kext "-**{$BundlePath}** don't use both **VoodooHDA.kext** and **AppleALC.kext**"
 [BundlePath]==AppleALC.kext "$alcbootarg='-**{$setting}** = **{$value}** You need to add **alcid=N** here since you are using AppleALC.kext';":"$alcbootarg=;"
 [BundlePath]==SMCProcessor.kext       "!**{$BundlePath}** VirtualSMC plugins don't work on AMD"
 [BundlePath]==SMCSuperIO.kext         "!**{$BundlePath}** VirtualSMC plugins don't work on AMD"
 [BundlePath]==SMCLightSensor.kext     "!**{$BundlePath}** VirtualSMC plugins don't work on AMD"
 [BundlePath]==SMCBatteryManager.kext  "!**{$BundlePath}** VirtualSMC plugins don't work on AMD"
 [BundlePath]==IntelMausiEthernet.kext "-**{$BundlePath}** this is probably not the right ethernet kext for an AMD system"
 [BundlePath]==NullCPUPowerManagement.kext "!**{$BundlePath}** set the **DummyPowerManagement** quirk instead of using this kext"
 [BundlePath]==USBInjectAll.kext "!**{$BundlePath}** Does not work on AMD"
 [BundlePath]!=WhateverGreen.kext "-**WhateverGreen.kext** is missing. Please review the [Kexts Docs][kexts]"
 [BundlePath]==* " **{$BundlePath}** make sure this Kext is in your **OC/Kexts** directory"

:Patch
 count<20 "!**{$count}** patches found - Did you apply the kernel patches correctly? Please review the [Kernel Docs][kernel]"
 count>19 " AMD kernel patches"
 [MatchOS]~=.+ "!You have used Clover patches, not OpenCore"

:Quirks
 AppleCpuPmCfgLock=no
 AppleXcpmCfgLock=no
 AppleXcpmExtraMsrs=no
 AppleXcpmForceBoost=no
 CustomSMBIOSGuid=no
 DisableIoMapper=no
 DummyPowerManagement=yes
 ExternalDiskIcons=yes
 IncreasePciBarSize=no
 LapicKernelPanic=no
 PanicNoKextDump=yes
 PowerTimeoutKernelPanic=yes
 ThirdPartyDrives=no
 XhciPortLimit=yes " **{$setting}** turn off after USB port mapping":" **{$setting}** enable if you have USB issues"

Misc
:Boot
 BuiltinTextRenderer=no "-This shouldn't be here"
 HideSelf=yes
 PollAppleHotKeys=no
 ShowPicker=yes
 TakeoffDelay=0
 HibernateMode=None
 PickerMode=Builtin
 PickerAttributes=0
 Timeout=5

:Debug
 DisableWatchDog=yes :" **{$setting}** enabling this will help debugging"
 Target=67 :" **{$setting}** see the [Debugging Docs][debug] for more info on debug target numbers"
 DisplayLevel=2147483714 :" **{$setting}** see [Debugging Docs][debug] for more info debug display levels"

:Security
 AllowNvramReset=yes
 AllowSetDefault=yes
 AuthRestart=no
 RequireSignature=no "!**{$setting}** has been replaced by **Vault**":"!**{$setting}** has been replaced by **Vault**"
 RequireVault=no "!**{$setting}** has been replaced by **Vault**":"!**{$setting}** has been replaced by **Vault**"
 Vault=Optional
 ExposeSensitiveData=6 :" **{$setting}** = **{$value}**"
 ScanPolicy=0 :"-**{$setting}** = **{$value}**. Initially you want 0 here, but once you are up and running check [Scanpolicy Docs][scanpolicy] for why you should change this"

:Tools
 count==0 " You removed the tool EFIs":"%You can remove the tool EFIs here"

NVRAM
 LegacyEnable=no
 LegacyOverwrite=no
 WriteFlash=yes

:Add
::4D1EDE05-38C7-4A6A-9CC6-4BCCA8B38C14
 UIScale~=(01|02) " **{$setting}** = **{$value}**":" **{$setting}** = **{$value}** but it is usally set to **01** or **02**"

::7C436110-AB2A-4BBB-A880-FE41995C9F82
 boot-args~="^(?:(?!alcid).)*$" "{$alcbootarg}":""
 boot-args="-v keepsyms=1" " **{$setting}** = **{$value}** If you have a navi10 GPU add **agdpmod=pikera**":" **{$setting}** = **{$value}**"
 csr-active-config=00000000 " **{$setting}** = **{$value}**":" **{$setting}** = **{$value}**"
 nvda_drv~="(^$)|(00)" " **{$setting}** = **{$value}**. Set to **1** if you have a supported nvidia card":" **{$setting}** = **{$value}**. Normally **_&lt;blank&gt;_** unless you have a supported nvidia card"
 prev-lang:kbd=72752d52553a323532 "!**{$setting}** = **{$value} ({@value})**. Unless you speak Russian, leave this blank":" **{$setting}** = **{$value} ({@value})**"

PlatformInfo
 Automatic=yes
 UpdateDataHub=yes
 UpdateNVRAM=yes
 UpdateSMBIOS=yes
 UpdateSMBIOSMode=Create

:Generic
 SpoofVendor=yes
 AdviseWindows=no
 SystemProductName~=(^$)|(MacPro5,1) "!**{$setting}** You need to set this. See [PlatformInfo Docs][platforminfo]":" **{$setting}** = **{$value}**"
 MLB=M000000000001 "!**{$setting}** should be set to your generated board serial. See the [PlaformInfo Docs][platforminfo]":" **{$setting}** = **{$value}**"
 ROM=112233000000 " **{$setting}** = **{$value}**":" **{$setting}** = **{$value}**"
 SystemSerialNumber=W0000000001 "!**{$setting}** should be set to your generated system serial number. See the [PlaformInfo Docs][platforminfo]":" **{$setting}** is set"
 SystemUUID=00000000-0000-0000-0000-000000000000 "!**{$setting}** should be set to your generated SmUUID. See the [PlaformInfo Docs][platforminfo]":" **{$setting}** is set"

UEFI
 ConnectDrivers=yes
 Drivers==VBoxHfs.efi|HFSPlus.efi " **{$value}**":"!Need either **VBoxHfs.efi** or **HFSPlus.efi** here"
 Drivers==FwRuntimeServices.efi " **{$value}**":"!**FwRuntimeServices.efi** is missing"
 Drivers==ApfsDriverLoader.efi " **{$value}**":"!**ApfsDriverLoader.efi** is missing"
 Drivers==OpenCore.efi "!**OpenCore.efi** should not be here!"
 Drivers==AppleUsbKbdxe.efi "!**AppleUsbKbdxe.efi** should not be here unless running legacy!"
 Drivers==NvmExpressDxe.efi "!**NvmExpressDxe.efi** should not be here!"
 Drivers==XhciDxe.efi "!**XhciDxe.efi** should not be here!"
 Drivers==VirtualSmc.efi "!**VirtualSmc.efi** was absorbed into Opencore under the quirk **AppleSmcIo**!"
 Drivers==* " **{$value}**"

:Input
 KeyForgetThreshold=5
 KeyMergeThreshold=2
 KeySupport=yes
 KeySupportMode=Auto
 KeySwap=no
 PointerSupport=no
 PointerSupportMode=""
 TimerResolution=50000

:Protocols
 AppleBootPolicy=no
 AppleEvent=no
 AppleImageConversion=no
 AppleKeyMap=no
 AppleSmcIo=no
 AppleUserInterfaceTheme=no
 DataHub=no
 DeviceProperties=no
 ConsoleControl=yes "!**{$setting}** no longer exists in OpenCore 0.5.6":"!**{$setting}** no longer exists in OpenCore 0.5.6"
 FirmwareVolume=no
 HashServices=no
 OSInfo=no
 UnicodeCollation=no

:Output
 TextRenderer=BuiltinGraphics
 ConsoleMode=""
 Resolution=Max
 ClearScreenOnModeSwitch=no
 IgnoreTextInGraphics=no
 ProvideConsoleGop=yes
 DirectGopRendering=no
 ReconnectOnResChange=no
 ReplaceTabWithSpace=no
 SanitiseClearScreen=no
 Scale=100

:Quirks
 AvoidHighAlloc=no "!**{$setting}** no longer exists in OpenCore 0.5.6":"!**{$setting}** no longer exists in OpenCore 0.5.6"
 ExitBootServicesDelay=0
 IgnoreInvalidFlexRatio=no
 IgnoreTextInGraphics=no "!**{$setting}** has been moved to Output section in OC 0.5.6":"!**{$setting}** has been moved to Output section in OC 0.5.6"
 ProvideConsoleGop=yes "!**{$setting}** has been moved to Output section in OC 0.5.6":"!**{$setting}** has been moved to Output section in OC 0.5.6"
 ReleaseUsbOwnership=no
 RequestBootVarFallback=yes
 RequestBootVarRouting=yes
 ReplaceTabWithSpace=no "!**{$setting}** has been moved to Output section in OC 0.5.6":"!**{$setting}** has been moved to Output section in OC 0.5.6"
 SanitiseClearScreen=no "!**{$setting}** has been moved to Output section in OC 0.5.6":"!**{$setting}** has been moved to Output section in OC 0.5.6"
 ClearScreenOnModeSwitch=no "!**{$setting}** has been moved to Output section in OC 0.5.6":"!**{$setting}** has been moved to Output section in OC 0.5.6"
 UnblockFsConnect=no

